===== ANALYST longcat 2026-09-03 16:48:27 UTC =====
[91m[1mError: [0m{
  "name": "UnknownError",
  "data": {
    "message": "Unexpected server error. Check server logs for details.",
    "ref": "err_09bdd317"
  }
}
===== ANALYST longcat 2026-09-03 19:46:06 UTC =====
[91m[1mError: [0m{
  "name": "UnknownError",
  "data": {
    "message": "Unexpected server error. Check server logs for details.",
    "ref": "err_5aa9ad5f"
  }
}
===== ANALYST longcat 2026-09-03 21:57:36 UTC =====
[91m[1mError: [0m{
  "name": "UnknownError",
  "data": {
    "message": "Unexpected server error. Check server logs for details.",
    "ref": "err_5e72c4f6"
  }
}
===== ANALYST longcat 2026-09-03 23:50:02 UTC =====
[91m[1mError: [0m{
  "name": "UnknownError",
  "data": {
    "message": "Unexpected server error. Check server logs for details.",
    "ref": "err_a6a186e3"
  }
}
===== ANALYST longcat 2026-09-04 03:03:06 UTC =====
[91m[1mError: [0m{
  "name": "UnknownError",
  "data": {
    "message": "Unexpected server error. Check server logs for details.",
    "ref": "err_2f7270d6"
  }
}
===== ANALYST longcat 2026-09-04 07:48:19 UTC =====
[91m[1mError: [0m{
  "name": "UnknownError",
  "data": {
    "message": "Unexpected server error. Check server logs for details.",
    "ref": "err_2c7957cb"
  }
}
===== ANALYST longcat 2026-09-04 12:42:00 UTC =====
[91m[1mError: [0m{
  "name": "UnknownError",
  "data": {
    "message": "Unexpected server error. Check server logs for details.",
    "ref": "err_a06fc992"
  }
}
===== ANALYST longcat 2026-09-04 16:39:41 UTC =====
[91m[1mError: [0m{
  "name": "UnknownError",
  "data": {
    "message": "Unexpected server error. Check server logs for details.",
    "ref": "err_2af01704"
  }
}
===== ANALYST longcat 2026-09-04 19:14:47 UTC =====
[91m[1mError: [0m{
  "name": "UnknownError",
  "data": {
    "message": "Unexpected server error. Check server logs for details.",
    "ref": "err_78649b0d"
  }
}
===== ANALYST longcat 2026-09-04 21:36:26 UTC =====
[91m[1mError: [0m{
  "name": "UnknownError",
  "data": {
    "message": "Unexpected server error. Check server logs for details.",
    "ref": "err_eac9bb50"
  }
}
===== ANALYST longcat 2026-09-04 23:20:31 UTC =====
[91m[1mError: [0m{
  "name": "UnknownError",
  "data": {
    "message": "Unexpected server error. Check server logs for details.",
    "ref": "err_147e6923"
  }
}
===== ANALYST longcat 2026-09-05 01:16:23 UTC =====
[91m[1mError: [0m{
  "name": "UnknownError",
  "data": {
    "message": "Unexpected server error. Check server logs for details.",
    "ref": "err_dedcb965"
  }
}
===== ANALYST longcat 2026-09-05 05:51:34 UTC =====
[91m[1mError: [0m{
  "name": "UnknownError",
  "data": {
    "message": "Unexpected server error. Check server logs for details.",
    "ref": "err_c9afa1bd"
  }
}
===== ANALYST longcat 2026-09-05 10:03:08 UTC =====
[91m[1mError: [0m{
  "name": "UnknownError",
  "data": {
    "message": "Unexpected server error. Check server logs for details.",
    "ref": "err_9d14a361"
  }
}
===== ANALYST longcat 2026-09-05 13:24:54 UTC =====
[91m[1mError: [0m{
  "name": "UnknownError",
  "data": {
    "message": "Unexpected server error. Check server logs for details.",
    "ref": "err_ed16e188"
  }
}
===== ANALYST longcat 2026-09-05 16:10:25 UTC =====
[91m[1mError: [0m{
  "name": "UnknownError",
  "data": {
    "message": "Unexpected server error. Check server logs for details.",
    "ref": "err_f8103bc1"
  }
}
===== ANALYST longcat 2026-09-05 18:26:01 UTC =====
[91m[1mError: [0m{
  "name": "UnknownError",
  "data": {
    "message": "Unexpected server error. Check server logs for details.",
    "ref": "err_3df52eca"
  }
}
===== ANALYST longcat 2026-09-05 20:45:53 UTC =====
[91m[1mError: [0m{
  "name": "UnknownError",
  "data": {
    "message": "Unexpected server error. Check server logs for details.",
    "ref": "err_451ae7fd"
  }
}
===== ANALYST longcat 2026-09-05 22:43:57 UTC =====
[91m[1mError: [0m{
  "name": "UnknownError",
  "data": {
    "message": "Unexpected server error. Check server logs for details.",
    "ref": "err_1a48e840"
  }
}
===== ANALYST longcat 2026-09-06 00:24:07 UTC =====
[91m[1mError: [0m{
  "name": "UnknownError",
  "data": {
    "message": "Unexpected server error. Check server logs for details.",
    "ref": "err_0e464443"
  }
}
===== ANALYST longcat 2026-09-06 04:49:30 UTC =====
[91m[1mError: [0m{
  "name": "UnknownError",
  "data": {
    "message": "Unexpected server error. Check server logs for details.",
    "ref": "err_f9b59d1a"
  }
}
===== ANALYST longcat 2026-09-06 09:25:36 UTC =====
[91m[1mError: [0m{
  "name": "UnknownError",
  "data": {
    "message": "Unexpected server error. Check server logs for details.",
    "ref": "err_84d15f62"
  }
}
