===== ANALYST ling3 2026-09-03 16:48:27 UTC =====
[91m[1mError: [0m{
  "name": "UnknownError",
  "data": {
    "message": "Unexpected server error. Check server logs for details.",
    "ref": "err_3d35762e"
  }
}
===== ANALYST ling3 2026-09-03 19:46:06 UTC =====
[91m[1mError: [0m{
  "name": "UnknownError",
  "data": {
    "message": "Unexpected server error. Check server logs for details.",
    "ref": "err_fbb80424"
  }
}
===== ANALYST ling3 2026-09-03 21:57:36 UTC =====
[91m[1mError: [0m{
  "name": "UnknownError",
  "data": {
    "message": "Unexpected server error. Check server logs for details.",
    "ref": "err_4656c05b"
  }
}
===== ANALYST ling3 2026-09-03 23:50:02 UTC =====
[91m[1mError: [0m{
  "name": "UnknownError",
  "data": {
    "message": "Unexpected server error. Check server logs for details.",
    "ref": "err_3dfcce6e"
  }
}
===== ANALYST ling3 2026-09-04 03:03:06 UTC =====
[91m[1mError: [0m{
  "name": "UnknownError",
  "data": {
    "message": "Unexpected server error. Check server logs for details.",
    "ref": "err_9cb2e942"
  }
}
===== ANALYST ling3 2026-09-04 07:48:19 UTC =====
[91m[1mError: [0m{
  "name": "UnknownError",
  "data": {
    "message": "Unexpected server error. Check server logs for details.",
    "ref": "err_73c99f48"
  }
}
===== ANALYST ling3 2026-09-04 12:42:00 UTC =====
[91m[1mError: [0m{
  "name": "UnknownError",
  "data": {
    "message": "Unexpected server error. Check server logs for details.",
    "ref": "err_5ad56daa"
  }
}
===== ANALYST ling3 2026-09-04 16:39:41 UTC =====
[91m[1mError: [0m{
  "name": "UnknownError",
  "data": {
    "message": "Unexpected server error. Check server logs for details.",
    "ref": "err_3a45f28e"
  }
}
===== ANALYST ling3 2026-09-04 19:14:47 UTC =====
[91m[1mError: [0m{
  "name": "UnknownError",
  "data": {
    "message": "Unexpected server error. Check server logs for details.",
    "ref": "err_399b6ddb"
  }
}
===== ANALYST ling3 2026-09-04 21:36:26 UTC =====
[91m[1mError: [0m{
  "name": "UnknownError",
  "data": {
    "message": "Unexpected server error. Check server logs for details.",
    "ref": "err_e4010421"
  }
}
===== ANALYST ling3 2026-09-04 23:20:31 UTC =====
[91m[1mError: [0m{
  "name": "UnknownError",
  "data": {
    "message": "Unexpected server error. Check server logs for details.",
    "ref": "err_54ed1a50"
  }
}
===== ANALYST ling3 2026-09-05 01:16:23 UTC =====
[91m[1mError: [0m{
  "name": "UnknownError",
  "data": {
    "message": "Unexpected server error. Check server logs for details.",
    "ref": "err_e853a0cf"
  }
}
===== ANALYST ling3 2026-09-05 05:51:34 UTC =====
[91m[1mError: [0m{
  "name": "UnknownError",
  "data": {
    "message": "Unexpected server error. Check server logs for details.",
    "ref": "err_a0b0f4f9"
  }
}
===== ANALYST ling3 2026-09-05 10:03:08 UTC =====
[91m[1mError: [0m{
  "name": "UnknownError",
  "data": {
    "message": "Unexpected server error. Check server logs for details.",
    "ref": "err_098e912e"
  }
}
===== ANALYST ling3 2026-09-05 13:24:54 UTC =====
[91m[1mError: [0m{
  "name": "UnknownError",
  "data": {
    "message": "Unexpected server error. Check server logs for details.",
    "ref": "err_3470b1c9"
  }
}
===== ANALYST ling3 2026-09-05 16:10:25 UTC =====
[91m[1mError: [0m{
  "name": "UnknownError",
  "data": {
    "message": "Unexpected server error. Check server logs for details.",
    "ref": "err_f8e190fe"
  }
}
===== ANALYST ling3 2026-09-05 18:26:01 UTC =====
[91m[1mError: [0m{
  "name": "UnknownError",
  "data": {
    "message": "Unexpected server error. Check server logs for details.",
    "ref": "err_23f2f221"
  }
}
===== ANALYST ling3 2026-09-05 20:45:53 UTC =====
[91m[1mError: [0m{
  "name": "UnknownError",
  "data": {
    "message": "Unexpected server error. Check server logs for details.",
    "ref": "err_e65e1c84"
  }
}
===== ANALYST ling3 2026-09-05 22:43:57 UTC =====
[91m[1mError: [0m{
  "name": "UnknownError",
  "data": {
    "message": "Unexpected server error. Check server logs for details.",
    "ref": "err_0cf5066e"
  }
}
===== ANALYST ling3 2026-09-06 00:24:07 UTC =====
[91m[1mError: [0m{
  "name": "UnknownError",
  "data": {
    "message": "Unexpected server error. Check server logs for details.",
    "ref": "err_3dff32ef"
  }
}
===== ANALYST ling3 2026-09-06 04:49:30 UTC =====
[91m[1mError: [0m{
  "name": "UnknownError",
  "data": {
    "message": "Unexpected server error. Check server logs for details.",
    "ref": "err_2ceaa96f"
  }
}
===== ANALYST ling3 2026-09-06 09:25:36 UTC =====
[91m[1mError: [0m{
  "name": "UnknownError",
  "data": {
    "message": "Unexpected server error. Check server logs for details.",
    "ref": "err_7f6f9bdc"
  }
}
===== ANALYST ling3 2026-09-06 13:04:49 UTC =====
[91m[1mError: [0m{
  "name": "UnknownError",
  "data": {
    "message": "Unexpected server error. Check server logs for details.",
    "ref": "err_a00741d3"
  }
}
===== ANALYST ling3 2026-09-06 16:10:39 UTC =====
[91m[1mError: [0m{
  "name": "UnknownError",
  "data": {
    "message": "Unexpected server error. Check server logs for details.",
    "ref": "err_94fea128"
  }
}
===== ANALYST ling3 2026-09-06 18:20:28 UTC =====
[91m[1mError: [0m{
  "name": "UnknownError",
  "data": {
    "message": "Unexpected server error. Check server logs for details.",
    "ref": "err_2bbf4cdf"
  }
}
===== ANALYST ling3 2026-09-06 20:34:49 UTC =====
[91m[1mError: [0m{
  "name": "UnknownError",
  "data": {
    "message": "Unexpected server error. Check server logs for details.",
    "ref": "err_389e4cb3"
  }
}
===== ANALYST ling3 2026-09-06 22:21:47 UTC =====
[91m[1mError: [0m{
  "name": "UnknownError",
  "data": {
    "message": "Unexpected server error. Check server logs for details.",
    "ref": "err_89f50a78"
  }
}
===== ANALYST ling3 2026-09-07 00:11:09 UTC =====
[91m[1mError: [0m{
  "name": "UnknownError",
  "data": {
    "message": "Unexpected server error. Check server logs for details.",
    "ref": "err_65fc2a22"
  }
}
===== ANALYST ling3 2026-09-07 04:55:57 UTC =====
[91m[1mError: [0m{
  "name": "UnknownError",
  "data": {
    "message": "Unexpected server error. Check server logs for details.",
    "ref": "err_aee56184"
  }
}
===== ANALYST ling3 2026-09-07 10:05:27 UTC =====
[91m[1mError: [0m{
  "name": "UnknownError",
  "data": {
    "message": "Unexpected server error. Check server logs for details.",
    "ref": "err_7cbadd43"
  }
}
===== ANALYST ling3 2026-09-07 15:56:14 UTC =====
[91m[1mError: [0m{
  "name": "UnknownError",
  "data": {
    "message": "Unexpected server error. Check server logs for details.",
    "ref": "err_ed4fd9a4"
  }
}
===== ANALYST ling3 2026-09-07 19:36:48 UTC =====
[91m[1mError: [0m{
  "name": "UnknownError",
  "data": {
    "message": "Unexpected server error. Check server logs for details.",
    "ref": "err_3facb371"
  }
}
===== ANALYST ling3 2026-09-07 22:25:31 UTC =====
[91m[1mError: [0m{
  "name": "UnknownError",
  "data": {
    "message": "Unexpected server error. Check server logs for details.",
    "ref": "err_b92ecaa7"
  }
}
===== ANALYST ling3 2026-09-08 00:31:28 UTC =====
[91m[1mError: [0m{
  "name": "UnknownError",
  "data": {
    "message": "Unexpected server error. Check server logs for details.",
    "ref": "err_937fda5e"
  }
}
===== ANALYST ling3 2026-09-08 05:14:58 UTC =====
[91m[1mError: [0m{
  "name": "UnknownError",
  "data": {
    "message": "Unexpected server error. Check server logs for details.",
    "ref": "err_6972086c"
  }
}
===== ANALYST ling3 2026-09-08 09:53:23 UTC =====
[91m[1mError: [0m{
  "name": "UnknownError",
  "data": {
    "message": "Unexpected server error. Check server logs for details.",
    "ref": "err_d65e6aba"
  }
}
===== ANALYST ling3 2026-09-08 14:17:39 UTC =====
[91m[1mError: [0m{
  "name": "UnknownError",
  "data": {
    "message": "Unexpected server error. Check server logs for details.",
    "ref": "err_a78387c3"
  }
}
===== ANALYST ling3 2026-09-08 18:04:37 UTC =====
[91m[1mError: [0m{
  "name": "UnknownError",
  "data": {
    "message": "Unexpected server error. Check server logs for details.",
    "ref": "err_29df23c5"
  }
}
===== ANALYST ling3 2026-09-08 20:53:56 UTC =====
[91m[1mError: [0m{
  "name": "UnknownError",
  "data": {
    "message": "Unexpected server error. Check server logs for details.",
    "ref": "err_c2722b69"
  }
}
===== ANALYST ling3 2026-09-08 23:12:48 UTC =====
[91m[1mError: [0m{
  "name": "UnknownError",
  "data": {
    "message": "Unexpected server error. Check server logs for details.",
    "ref": "err_fbd40637"
  }
}
===== ANALYST ling3 2026-09-09 01:37:07 UTC =====
[91m[1mError: [0m{
  "name": "UnknownError",
  "data": {
    "message": "Unexpected server error. Check server logs for details.",
    "ref": "err_4a2108f4"
  }
}
===== ANALYST ling3 2026-09-09 06:15:08 UTC =====
[91m[1mError: [0m{
  "name": "UnknownError",
  "data": {
    "message": "Unexpected server error. Check server logs for details.",
    "ref": "err_abfa6312"
  }
}
===== ANALYST ling3 2026-09-09 11:33:21 UTC =====
[91m[1mError: [0m{
  "name": "UnknownError",
  "data": {
    "message": "Unexpected server error. Check server logs for details.",
    "ref": "err_1fe178d1"
  }
}
===== ANALYST ling3 2026-09-09 15:39:57 UTC =====
[91m[1mError: [0m{
  "name": "UnknownError",
  "data": {
    "message": "Unexpected server error. Check server logs for details.",
    "ref": "err_b8432d5c"
  }
}
===== ANALYST ling3 2026-09-09 18:48:06 UTC =====
[91m[1mError: [0m{
  "name": "UnknownError",
  "data": {
    "message": "Unexpected server error. Check server logs for details.",
    "ref": "err_39e09bdf"
  }
}
===== ANALYST ling3 2026-09-09 21:32:08 UTC =====
[91m[1mError: [0m{
  "name": "UnknownError",
  "data": {
    "message": "Unexpected server error. Check server logs for details.",
    "ref": "err_a9d65774"
  }
}
===== ANALYST ling3 2026-09-09 23:34:45 UTC =====
[91m[1mError: [0m{
  "name": "UnknownError",
  "data": {
    "message": "Unexpected server error. Check server logs for details.",
    "ref": "err_a7a2f5e6"
  }
}
