===== ANALYST laguna 2026-09-03 16:48:27 UTC =====
[91m[1mError: [0m{
  "name": "UnknownError",
  "data": {
    "message": "Unexpected server error. Check server logs for details.",
    "ref": "err_6d12f35b"
  }
}
===== ANALYST laguna 2026-09-03 19:46:06 UTC =====
[91m[1mError: [0m{
  "name": "UnknownError",
  "data": {
    "message": "Unexpected server error. Check server logs for details.",
    "ref": "err_d995ca37"
  }
}
===== ANALYST laguna 2026-09-03 21:57:36 UTC =====
[91m[1mError: [0m{
  "name": "UnknownError",
  "data": {
    "message": "Unexpected server error. Check server logs for details.",
    "ref": "err_fca5b37d"
  }
}
===== ANALYST laguna 2026-09-03 23:50:02 UTC =====
[91m[1mError: [0m{
  "name": "UnknownError",
  "data": {
    "message": "Unexpected server error. Check server logs for details.",
    "ref": "err_5cc77c09"
  }
}
===== ANALYST laguna 2026-09-04 03:03:06 UTC =====
[91m[1mError: [0m{
  "name": "UnknownError",
  "data": {
    "message": "Unexpected server error. Check server logs for details.",
    "ref": "err_e3502740"
  }
}
===== ANALYST laguna 2026-09-04 07:48:19 UTC =====
[91m[1mError: [0m{
  "name": "UnknownError",
  "data": {
    "message": "Unexpected server error. Check server logs for details.",
    "ref": "err_dcd93a1d"
  }
}
===== ANALYST laguna 2026-09-04 12:42:00 UTC =====
[91m[1mError: [0m{
  "name": "UnknownError",
  "data": {
    "message": "Unexpected server error. Check server logs for details.",
    "ref": "err_8c07eb86"
  }
}
===== ANALYST laguna 2026-09-04 16:39:41 UTC =====
[91m[1mError: [0m{
  "name": "UnknownError",
  "data": {
    "message": "Unexpected server error. Check server logs for details.",
    "ref": "err_1e6a674d"
  }
}
===== ANALYST laguna 2026-09-04 19:14:47 UTC =====
[91m[1mError: [0m{
  "name": "UnknownError",
  "data": {
    "message": "Unexpected server error. Check server logs for details.",
    "ref": "err_b9086dbe"
  }
}
===== ANALYST laguna 2026-09-04 21:36:26 UTC =====
[91m[1mError: [0m{
  "name": "UnknownError",
  "data": {
    "message": "Unexpected server error. Check server logs for details.",
    "ref": "err_97b1a914"
  }
}
===== ANALYST laguna 2026-09-04 23:20:31 UTC =====
[91m[1mError: [0m{
  "name": "UnknownError",
  "data": {
    "message": "Unexpected server error. Check server logs for details.",
    "ref": "err_730d9289"
  }
}
===== ANALYST laguna 2026-09-05 01:16:23 UTC =====
[91m[1mError: [0m{
  "name": "UnknownError",
  "data": {
    "message": "Unexpected server error. Check server logs for details.",
    "ref": "err_bb2ecf96"
  }
}
===== ANALYST laguna 2026-09-05 05:51:34 UTC =====
[91m[1mError: [0m{
  "name": "UnknownError",
  "data": {
    "message": "Unexpected server error. Check server logs for details.",
    "ref": "err_5b4d05ee"
  }
}
===== ANALYST laguna 2026-09-05 10:03:08 UTC =====
[91m[1mError: [0m{
  "name": "UnknownError",
  "data": {
    "message": "Unexpected server error. Check server logs for details.",
    "ref": "err_ad4cadf9"
  }
}
===== ANALYST laguna 2026-09-05 13:24:54 UTC =====
[91m[1mError: [0m{
  "name": "UnknownError",
  "data": {
    "message": "Unexpected server error. Check server logs for details.",
    "ref": "err_1995ec49"
  }
}
===== ANALYST laguna 2026-09-05 16:10:25 UTC =====
[91m[1mError: [0m{
  "name": "UnknownError",
  "data": {
    "message": "Unexpected server error. Check server logs for details.",
    "ref": "err_a937de46"
  }
}
===== ANALYST laguna 2026-09-05 18:26:01 UTC =====
[91m[1mError: [0m{
  "name": "UnknownError",
  "data": {
    "message": "Unexpected server error. Check server logs for details.",
    "ref": "err_b2245f2e"
  }
}
===== ANALYST laguna 2026-09-05 20:45:53 UTC =====
[91m[1mError: [0m{
  "name": "UnknownError",
  "data": {
    "message": "Unexpected server error. Check server logs for details.",
    "ref": "err_826067ce"
  }
}
===== ANALYST laguna 2026-09-05 22:43:57 UTC =====
[91m[1mError: [0m{
  "name": "UnknownError",
  "data": {
    "message": "Unexpected server error. Check server logs for details.",
    "ref": "err_4111ddbb"
  }
}
===== ANALYST laguna 2026-09-06 00:24:07 UTC =====
[91m[1mError: [0m{
  "name": "UnknownError",
  "data": {
    "message": "Unexpected server error. Check server logs for details.",
    "ref": "err_f0d3a93d"
  }
}
===== ANALYST laguna 2026-09-06 04:49:30 UTC =====
[91m[1mError: [0m{
  "name": "UnknownError",
  "data": {
    "message": "Unexpected server error. Check server logs for details.",
    "ref": "err_a9d5a8fb"
  }
}
===== ANALYST laguna 2026-09-06 09:25:36 UTC =====
[91m[1mError: [0m{
  "name": "UnknownError",
  "data": {
    "message": "Unexpected server error. Check server logs for details.",
    "ref": "err_404348cc"
  }
}
===== ANALYST laguna 2026-09-06 13:04:49 UTC =====
[91m[1mError: [0m{
  "name": "UnknownError",
  "data": {
    "message": "Unexpected server error. Check server logs for details.",
    "ref": "err_ae366619"
  }
}
===== ANALYST laguna 2026-09-06 16:10:39 UTC =====
[91m[1mError: [0m{
  "name": "UnknownError",
  "data": {
    "message": "Unexpected server error. Check server logs for details.",
    "ref": "err_68845640"
  }
}
===== ANALYST laguna 2026-09-06 18:20:28 UTC =====
[91m[1mError: [0m{
  "name": "UnknownError",
  "data": {
    "message": "Unexpected server error. Check server logs for details.",
    "ref": "err_f89baec3"
  }
}
===== ANALYST laguna 2026-09-06 20:34:49 UTC =====
[91m[1mError: [0m{
  "name": "UnknownError",
  "data": {
    "message": "Unexpected server error. Check server logs for details.",
    "ref": "err_ac80a9f0"
  }
}
===== ANALYST laguna 2026-09-06 22:21:47 UTC =====
[91m[1mError: [0m{
  "name": "UnknownError",
  "data": {
    "message": "Unexpected server error. Check server logs for details.",
    "ref": "err_9278a81d"
  }
}
===== ANALYST laguna 2026-09-07 00:11:09 UTC =====
[91m[1mError: [0m{
  "name": "UnknownError",
  "data": {
    "message": "Unexpected server error. Check server logs for details.",
    "ref": "err_8a6bfc1b"
  }
}
===== ANALYST laguna 2026-09-07 04:55:57 UTC =====
[91m[1mError: [0m{
  "name": "UnknownError",
  "data": {
    "message": "Unexpected server error. Check server logs for details.",
    "ref": "err_5024c426"
  }
}
===== ANALYST laguna 2026-09-07 10:05:27 UTC =====
[91m[1mError: [0m{
  "name": "UnknownError",
  "data": {
    "message": "Unexpected server error. Check server logs for details.",
    "ref": "err_d6b08fc4"
  }
}
===== ANALYST laguna 2026-09-07 15:56:14 UTC =====
[91m[1mError: [0m{
  "name": "UnknownError",
  "data": {
    "message": "Unexpected server error. Check server logs for details.",
    "ref": "err_f5cee92d"
  }
}
===== ANALYST laguna 2026-09-07 19:36:48 UTC =====
[91m[1mError: [0m{
  "name": "UnknownError",
  "data": {
    "message": "Unexpected server error. Check server logs for details.",
    "ref": "err_849f9193"
  }
}
===== ANALYST laguna 2026-09-07 22:25:31 UTC =====
[91m[1mError: [0m{
  "name": "UnknownError",
  "data": {
    "message": "Unexpected server error. Check server logs for details.",
    "ref": "err_735b2104"
  }
}
===== ANALYST laguna 2026-09-08 00:31:28 UTC =====
[91m[1mError: [0m{
  "name": "UnknownError",
  "data": {
    "message": "Unexpected server error. Check server logs for details.",
    "ref": "err_6666d99c"
  }
}
===== ANALYST laguna 2026-09-08 05:14:58 UTC =====
[91m[1mError: [0m{
  "name": "UnknownError",
  "data": {
    "message": "Unexpected server error. Check server logs for details.",
    "ref": "err_f69cb17a"
  }
}
===== ANALYST laguna 2026-09-08 09:53:23 UTC =====
[91m[1mError: [0m{
  "name": "UnknownError",
  "data": {
    "message": "Unexpected server error. Check server logs for details.",
    "ref": "err_59110309"
  }
}
===== ANALYST laguna 2026-09-08 14:17:39 UTC =====
[91m[1mError: [0m{
  "name": "UnknownError",
  "data": {
    "message": "Unexpected server error. Check server logs for details.",
    "ref": "err_1eef2c40"
  }
}
===== ANALYST laguna 2026-09-08 18:04:37 UTC =====
[91m[1mError: [0m{
  "name": "UnknownError",
  "data": {
    "message": "Unexpected server error. Check server logs for details.",
    "ref": "err_7c066e01"
  }
}
===== ANALYST laguna 2026-09-08 20:53:56 UTC =====
[91m[1mError: [0m{
  "name": "UnknownError",
  "data": {
    "message": "Unexpected server error. Check server logs for details.",
    "ref": "err_ae9dbfd7"
  }
}
===== ANALYST laguna 2026-09-08 23:12:48 UTC =====
[91m[1mError: [0m{
  "name": "UnknownError",
  "data": {
    "message": "Unexpected server error. Check server logs for details.",
    "ref": "err_0488e3da"
  }
}
===== ANALYST laguna 2026-09-09 01:37:07 UTC =====
[91m[1mError: [0m{
  "name": "UnknownError",
  "data": {
    "message": "Unexpected server error. Check server logs for details.",
    "ref": "err_48aa82be"
  }
}
===== ANALYST laguna 2026-09-09 06:15:08 UTC =====
[91m[1mError: [0m{
  "name": "UnknownError",
  "data": {
    "message": "Unexpected server error. Check server logs for details.",
    "ref": "err_11e01acf"
  }
}
===== ANALYST laguna 2026-09-09 11:33:21 UTC =====
[91m[1mError: [0m{
  "name": "UnknownError",
  "data": {
    "message": "Unexpected server error. Check server logs for details.",
    "ref": "err_a3e80d2e"
  }
}
